 ****** HSPICE -- P-2019.06-SP1-1 win64 (Sep 27 2019) ******                    
  Copyright (c) 1986 - 2021 by Synopsys, Inc. All Rights Reserved.              
  This software and the associated documentation are proprietary
  to Synopsys, Inc. This software may only be used in accordance
  with the terms and conditions of a written license agreement with
  Synopsys, Inc. All other use, reproduction, or distribution of
  this software is strictly prohibited.
  Input File: project1_AC.sp                                                    
  Command line options: C:\synopsys\Hspice_P-2019.06-SP1-1\WIN64\hspice.com -i project1_AC.sp -o E:\terme 8\electronic 3\Prj\Hspice_Files\project1_AC.lis
  Start time: Tue Jul 20 10:27:54 2021
  lic:  
  lic: FLEXlm: SDK_12.3 
  lic: USER:   NIMA                 HOSTNAME: DESKTOP-GBP8IIA 
  lic: HOSTID: "c83dd47f8567"       PID:      9816 
  lic: Using FLEXlm license file: 
  lic: 27000@DESKTOP-GBP8IIA 
  lic: Checkout 1 hspice 
  lic: License/Maintenance for hspice will expire on 30-dec-2030/2030.12 
  lic: 1(in_use)/99(total) FLOATING license(s) on SERVER 27000@DESKTOP-GBP8IIA 
  lic:   
  **info**  the obsolete option acout is ignored
  **info**  the obsolete option acout is ignored
  **warning** (project1_AC.sp:23) Capacitance of 0.1000 for c1 is too high. Please verify capacitance value.
 Model file: .\TSMC_90nm.l
 Model line:        11353
 Model Name: pch.10  
 BSIM4 Model (Level 54)
    MOBMOD = 0
    BINUNIT = 2
    PARAMCHK = 1
    CAPMOD = 2
    DIOMOD = 1
    RDSMOD = 0
    TRNQSMOD = 0
    ACNQSMOD = 0
    RBODYMOD = 0
    RGATEMOD = 0
    PERMOD = 1
    GEOMOD = 0
    RGEOMOD = 0
    FNOIMOD = 1
    TNOIMOD = 0
    IGCMOD = 1
    IGBMOD = 1
    STIMOD = 1
    VBFWDMOD = 0
    VERSION =    4.4 
    TOXREF =  3e-09 
    TOXE = 2.5e-09 
    TOXP = 1.975e-09 
    TOXM = 2.5e-09 
    DTOX = 5.25e-10 
    EPSROX =    3.9 
    CDSC =      0 
    CDSCB =      0 
    CDSCD =      0 
    CIT = -0.0008977 
    NFACTOR = 0.4795 
    XJ = 1.7e-07 
    VSAT = 1.2e+05 
    A0 =   3.62 
    AGS =  3.255 
    A1 =      0 
    A2 =      1 
    AT = 2.25e+05 
    KETA = -0.2378 
    NSUB =  6e+16 
    NDEP = 1.72e+17 
    NSD =  1e+20 
    NGATE =  8e+19 
    GAMMA1 =      0 
    GAMMA2 =      0 
    VBX =      0 
    VBM =     -3 
    XT = 1.55e-07 
    K1 = 0.1623 
    KT1 = -0.2563 
    KT1L =      0 
    KT2 = -0.03875 
    K2 = 0.03535 
    K3 =  -0.58 
    K3B =    0.8 
    LPE0 = 2.805e-07 
    LPEB =  1e-07 
    DVTP0 =      0 
    DVTP1 =      0 
    W0 =      0 
    DVT0 =     10 
    DVT1 =   1.71 
    DVT2 = 0.0928 
    DVT0W =      0 
    DVT1W =      0 
    DVT2W =      0 
    DROUT =      0 
    DSUB =    0.5 
    VTH0 = -0.1785 
    EU =      1 
    UA = -8.293e-10 
    UA1 = 2.051e-09 
    UB = 2.654e-18 
    UB1 = -3.78e-18 
    UC = 6.611e-11 
    UC1 = -6.421e-11 
    U0 = 0.009495 
    UTE = -1.241 
    VOFF = -0.1134 
    VOFFL =      0 
    MINV =      0 
    FPROUT =   1000 
    PDITS =      0 
    PDITSD =      0 
    PDITSL =      0 
    DELTA =   0.02 
    RDSW =    210 
    RDSWMIN =      0 
    RDWMIN =      0 
    RSWMIN =      0 
    RDW =    100 
    RSW =    100 
    PRWG =      0 
    PRWB =      0 
    PRT =      0 
    ETA0 = 0.1517 
    ETAB = -0.009714 
    PCLM = 0.6429 
    PDIBLC1 =      0 
    PDIBLC2 =  0.005 
    PDIBLCB =      0 
    PSCBE1 = 9.264e+08 
    PSCBE2 =  1e-20 
    PVAG =      0 
    WR =      1 
    DWG =      0 
    DWB =      0 
    XW =  1e-08 
    XWREF =  1e-08 
    XL = -3.5e-08 
    XLREF = -3.5e-08 
    B0 =      0 
    B1 =      0 
    ALPHA0 =      0 
    ALPHA1 =   0.06 
    AGIDL =  9e-08 
    BGIDL = 2.3e+09 
    CGIDL =    0.5 
    PHIN =      0 
    EGIDL =   0.53 
    AIGC = 0.00606 
    BIGC = 0.0007625 
    CIGC =  1e-10 
    AIGSD = 0.004582 
    BIGSD =      0 
    CIGSD = 0.002267 
    AIGBACC = 0.01069 
    BIGBACC = 0.003132 
    CIGBACC = 0.1498 
    AIGBINV =   0.35 
    BIGBINV =   0.03 
    CIGBINV =  0.006 
    NIGC =      1 
    NIGBINV =      1 
    NIGBACC =  4.049 
    NTOX =      1 
    EIGBINV =    1.1 
    PIGCD =    2.3 
    POXEDGE =      1 
    XRCRG1 =     12 
    TNOIA =    1.5 
    TNOIB =    3.5 
    NTNOI =      1 
    XRCRG2 =      1 
    BETA0 =     12 
    IJTHDFWD =   0.01 
    IJTHSFWD =   0.01 
    IJTHDREV =   0.01 
    IJTHSREV =   0.01 
    XJBVD =      1 
    XJBVS =      1 
    BVD =     10 
    BVS =     10 
    VFB =     -1 
    GBMIN =  1e-12 
    RBDB =     50 
    RBPB =     50 
    RBSB =     50 
    RBPS =     50 
    RBPD =     50 
    CGSL = 1.896e-10 
    CGDL = 1.896e-10 
    CKAPPAS =    0.6 
    CKAPPAD =    0.6 
    CF = 1.38e-10 
    CLC =  1e-07 
    CLE =    0.6 
    DWC =      0 
    DLC = 1.525e-08 
    DLCIG = 2.5e-09 
    DWJ =      0 
    VFBCV =     -1 
    ACDE =    1.2 
    MOIN =  11.09 
    NOFF =  2.175 
    VOFFCV = -0.03885 
    DMCG = 9.25e-08 
    DMCI = 9.25e-08 
    DMDG =      0 
    DMCGT =      0 
    XGW =      0 
    XGL =      0 
    RSHG =    0.1 
    NGCON =      1 
    TCJ = 0.000854 
    TPB = 0.0019 
    TCJSW = 0.000357 
    TPBSW = 0.0019 
    TCJSWG = 0.00312 
    TPBSWG = 0.0019 
    SK0 =      0 
    SK1 =      0 
    SK2 =      0 
    SL =  2e-06 
    SW =  2e-06 
    K =      0 
    LCIT = 3.572e-10 
    LNFACTOR = 4.856e-08 
    LAT = -0.01058 
    LAGS = 7.702e-07 
    LKETA = 1.349e-08 
    LKT1 = -2.057e-09 
    LK2 = -2.698e-10 
    LVTH0 = 1.027e-09 
    LUA = 2.732e-17 
    LUA1 = -3.851e-17 
    LUB = 9.803e-27 
    LUB1 = -4.219e-26 
    LUC = 1.11e-17 
    LU0 = 6.85e-12 
    LUTE = -2.191e-08 
    LVOFF = -2.916e-09 
    LETA0 = -3.668e-09 
    LETAB = -2.057e-09 
    LPCLM = -2.657e-08 
    WCIT = 1.835e-09 
    WNFACTOR = -3.671e-07 
    WAT = 0.02394 
    WAGS = 2.624e-06 
    WKETA = -1.317e-08 
    WK2 = -2.346e-09 
    WVTH0 = 1.756e-09 
    WUA = 1.635e-16 
    WUA1 = -3.716e-16 
    WUB = 3.91e-26 
    WUB1 = -3.655e-25 
    WUC = 5.693e-17 
    WU0 = -9.688e-10 
    WUTE = -8.81e-08 
    WVOFF = -4.453e-09 
    WETA0 = -4.549e-08 
    WAIGSD = 7.821e-11 
    PCIT = -1.436e-16 
    PNFACTOR = 2.873e-14 
    PAT = -1.435e-09 
    PAGS = -5.248e-13 
    PKETA = 2.633e-15 
    PK2 = 4.692e-16 
    PVTH0 = 1.302e-15 
    PUA = -2.342e-23 
    PUA1 = 7.23e-23 
    PUB = -4.491e-32 
    PUB1 = 5.679e-32 
    PUC = -1.139e-23 
    PU0 = -1.577e-16 
    PUTE = 3.907e-14 
    PVOFF = 2.499e-15 
    PETA0 = 2.394e-15 
    TNOM =  298.1 
    CGSO = 2.568e-11 
    CGDO = 2.568e-11 
    CGBO =      0 
    XPART =      1 
    RSH =   9.68 
    JSS = 1.245e-07 
    JSWS = 3.77e-13 
    JSWGS =  3e-12 
    PBS =    0.8 
    MJS =   0.36 
    PBSWS =    0.8 
    MJSWS =   0.01 
    CJS = 0.00114 
    CJSWS =  6e-11 
    NJS =      1 
    PBSWGS =      1 
    MJSWGS =   0.99 
    CJSWGS = 3.6e-10 
    XTIS =      3 
    JSD = 1.245e-07 
    JSWD = 3.77e-13 
    JSWGD =  3e-12 
    PBD =    0.8 
    MJD =   0.36 
    PBSWD =    0.8 
    MJSWD =   0.01 
    CJD = 0.00114 
    CJSWD =  6e-11 
    NJD =      1 
    PBSWGD =      1 
    MJSWGD =   0.99 
    CJSWGD = 3.6e-10 
    XTID =      3 
    LMLT =      1 
    WMLT =      1 
    LINT = 2.5e-09 
    LL =      0 
    LLC =      0 
    LLN =      1 
    LW =      0 
    LWC =      0 
    LWN =      1 
    LWL =      0 
    LWLC =      0 
    LMIN =  1e-07 
    LMAX = 2.4e-07 
    WINT =  5e-09 
    WL =      0 
    WLC =      0 
    WLN =      1 
    WW =      0 
    WWC =      0 
    WWN =      1 
    WWL =      0 
    WWLC =      0 
    WMIN = 1.005e-06 
    WMAX = 1.001e-05 
    NOIA = 1.635e+42 
    NOIB = 7.241e+26 
    NOIC =   8.75 
    EM = 1.5e+08 
    EF =   1.19 
    AF =      1 
    KF =      0 
    TRS =      0 
    TRD =      0 
    TEMPMOD  =      0 
    LAMBDA   =      0 
    VTL      =  2e+05 m/s
    LC       =  5e-09 
    XN       =      3 
    LLAMBDA  =      0 
    LVTL     =      0 
    LXN      =      0 
    WLAMBDA  =      0 
    WVTL     =      0 
    WXN      =      0 
    PLAMBDA  =      0 
    PVTL     =      0 
    PXN      =      0 
    RNOIA    =  0.577 
    RNOIB    = 0.5164 
    SAREF(SA0) = 6.3e-07 m
    SBREF(SB0) = 6.3e-07 m
    WLOD     =  8e-07 m
    KU0      = 1.325e-07 1/m
    KVSAT    =   -0.9 
    KVTH0    = -1.5e-09 m
    TKU0     =    0.1 
    LLODKU0  =      1 
    WLODKU0  =      1 
    LLODVTH  =      2 
    WLODVTH  =      1 
    LKU0     = 1.33e-07 
    WKU0     = 6.5e-07 
    PKU0     =      0 
    LKVTH0   = -1.68e-15 
    WKVTH0   =  5e-07 
    PKVTH0   =      0 
    STK2     =  4e-10 
    LODK2    =      2 
    STETA0   =      0 
    LODETA0  =      1 
    LXRCRG1  =      0 
    WXRCRG1  =      0 
    PXRCRG1  =      0 
    LXRCRG2  =      0 
    WXRCRG2  =      0 
    PXRCRG2  =      0 
     *** UCB's BSIM4.4.0 new diode model is activated. ***
    *** UCB's Diode Model Parameters ***
    JTSS         =      0 
    JTSSWS       =      0 
    JTSSWGS      =      0 
    JTSD         =      0 
    JTSSWD       =      0 
    JTSSWGD      =      0 
    NJTS         =     20 
    NJTSSW       =     20 
    NJTSSWG      =     20 
    XTSS         =   0.02 
    XTSSWS       =   0.02 
    XTSSWGS      =   0.02 
    XTSD         =   0.02 
    XTSSWD       =   0.02 
    XTSSWGD      =   0.02 
    TNJTS        =      0 
    TNJTSSW      =      0 
    TNJTSSWG     =      0 
    VFBSDOFF     =      0 
    LVFBSDOFF    =      0 
    WVFBSDOFF    =      0 
    PVFBSDOFF    =      0 
    LINTNOI      =      0 
    VTSS         =     10 
    VTSD         =     10 
    VTSSWS       =     10 
    VTSSWD       =     10 
    VTSSWGS      =     10 
    VTSSWGD      =     10 
    TTDIOMOD     =      1 
 Model file: .\TSMC_90nm.l
 Model line:         9681
 Model Name: nch.12  
 BSIM4 Model (Level 54)
    MOBMOD = 0
    BINUNIT = 2
    PARAMCHK = 1
    CAPMOD = 2
    DIOMOD = 1
    RDSMOD = 0
    TRNQSMOD = 0
    ACNQSMOD = 0
    RBODYMOD = 0
    RGATEMOD = 0
    PERMOD = 1
    GEOMOD = 0
    RGEOMOD = 0
    FNOIMOD = 1
    TNOIMOD = 0
    IGCMOD = 1
    IGBMOD = 1
    STIMOD = 1
    VBFWDMOD = 0
    VERSION =    4.4 
    TOXREF =  3e-09 
    TOXE = 2.33e-09 
    TOXP = 2.03e-09 
    TOXM = 2.33e-09 
    DTOX =  3e-10 
    EPSROX =    3.9 
    CDSC =      0 
    CDSCB =      0 
    CDSCD =      0 
    CIT = -0.0001229 
    NFACTOR =    0.5 
    XJ = 1.5e-07 
    VSAT = 1.14e+05 
    A0 =  2.375 
    AGS =   0.95 
    A1 =      0 
    A2 =      1 
    AT = 3.536e+04 
    KETA = -0.04414 
    NSUB =  6e+16 
    NDEP = 8.369e+17 
    NSD =  1e+20 
    NGATE =  4e+20 
    GAMMA1 =      0 
    GAMMA2 =      0 
    VBX =      0 
    VBM =     -3 
    XT = 1.55e-07 
    K1 =  0.312 
    KT1 = -0.2624 
    KT1L =      0 
    KT2 = -0.04464 
    K2 = -0.005847 
    K3 = -2.957 
    K3B =    1.2 
    LPE0 = 4.45e-08 
    LPEB =      0 
    DVTP0 =  4e-07 
    DVTP1 =   1.14 
    W0 = -5e-08 
    DVT0 =   13.9 
    DVT1 =   1.25 
    DVT2 =      0 
    DVT0W =      0 
    DVT1W =      0 
    DVT2W =      0 
    DROUT =      0 
    DSUB =    0.5 
    VTH0 =  0.238 
    EU =   1.67 
    UA = -6.284e-10 
    UA1 = 2.684e-09 
    UB = 1.394e-18 
    UB1 = -3.673e-18 
    UC = 1.118e-10 
    UC1 = 3.681e-11 
    U0 = 0.03763 
    UTE = -1.566 
    VOFF = -0.1318 
    VOFFL =      0 
    MINV =      0 
    FPROUT =    200 
    PDITS =      0 
    PDITSD =      0 
    PDITSL =      0 
    DELTA = 0.0075 
    RDSW =    140 
    RDSWMIN =      0 
    RDWMIN =      0 
    RSWMIN =      0 
    RDW =    100 
    RSW =    100 
    PRWG =      0 
    PRWB =      0 
    PRT =      0 
    ETA0 = 0.2271 
    ETAB =   -0.1 
    PCLM =   0.84 
    PDIBLC1 =      0 
    PDIBLC2 = -7.194e-05 
    PDIBLCB =      0 
    PSCBE1 = 9.264e+08 
    PSCBE2 =  1e-20 
    PVAG =    1.5 
    WR =      1 
    DWG =      0 
    DWB =      0 
    XW =  1e-08 
    XWREF =  1e-08 
    XL = -3.5e-08 
    XLREF = -3.5e-08 
    B0 =      0 
    B1 =      0 
    ALPHA0 =      0 
    ALPHA1 =   0.03 
    AGIDL =  9e-08 
    BGIDL = 2.3e+09 
    CGIDL =    0.5 
    PHIN =      0 
    EGIDL =   0.53 
    AIGC = 0.01039 
    BIGC = 0.001525 
    CIGC =      0 
    AIGSD = 0.00845 
    BIGSD = 0.0004021 
    CIGSD = 0.001463 
    AIGBACC = 0.01134 
    BIGBACC = 0.003249 
    CIGBACC = 0.1416 
    AIGBINV =   0.35 
    BIGBINV =   0.03 
    CIGBINV =  0.006 
    NIGC =      1 
    NIGBINV =      1 
    NIGBACC =   4.05 
    NTOX =      1 
    EIGBINV =    1.1 
    PIGCD =    2.3 
    POXEDGE =      1 
    XRCRG1 =     12 
    TNOIA =    1.5 
    TNOIB =    3.5 
    NTNOI =      1 
    XRCRG2 =      1 
    BETA0 =    8.7 
    IJTHDFWD =   0.01 
    IJTHSFWD =   0.01 
    IJTHDREV =   0.01 
    IJTHSREV =   0.01 
    XJBVD =      1 
    XJBVS =      1 
    BVD =     10 
    BVS =     10 
    VFB =     -1 
    GBMIN =  1e-12 
    RBDB =     50 
    RBPB =     50 
    RBSB =     50 
    RBPS =     50 
    RBPD =     50 
    CGSL = 6.514e-11 
    CGDL = 6.514e-11 
    CKAPPAS =    0.6 
    CKAPPAD =    0.6 
    CF = 1.38e-10 
    CLC =  1e-07 
    CLE =    0.6 
    DWC =      0 
    DLC = 1.172e-08 
    DLCIG = 2.5e-09 
    DWJ =      0 
    VFBCV =     -1 
    ACDE =    1.2 
    MOIN =   12.6 
    NOFF =  1.686 
    VOFFCV = -0.05472 
    DMCG = 9.25e-08 
    DMCI = 9.25e-08 
    DMDG =      0 
    DMCGT =      0 
    XGW =      0 
    XGL =      0 
    RSHG =    0.1 
    NGCON =      1 
    TCJ = 0.000732 
    TPB =  0.001 
    TCJSW = 0.000357 
    TPBSW = 0.0019 
    TCJSWG = 0.000357 
    TPBSWG = 0.0019 
    SK0 =      0 
    SK1 =      0 
    SK2 =      0 
    SL =  2e-06 
    SW =  2e-06 
    K =      0 
    LCIT = 2.246e-10 
    LAT = 0.001929 
    LKETA = 3.429e-09 
    LK1 = 2.22e-09 
    LKT1 = -1.62e-09 
    LK2 = 1.694e-10 
    LK3 = 1.543e-08 
    LDVTP1 = 1.719e-07 
    LUB = 4.447e-26 
    LUC = 7.247e-18 
    LUC1 = -6.061e-18 
    LUTE = 1.236e-08 
    LVOFF = -8.64e-10 
    LPDIBLC2 = 3.439e-11 
    LAIGC = -1.891e-11 
    WK2 = -1.73e-09 
    WDVTP1 = 4.324e-07 
    WVTH0 = -5.045e-09 
    WUB = -1.875e-25 
    WUC = -4.742e-18 
    WUC1 = -1.013e-16 
    WU0 = -4.44e-09 
    WUTE = 9.038e-08 
    WVOFF = -4.469e-10 
    WETA0 = -1.917e-08 
    WPDIBLC2 = 8.649e-11 
    WAIGC = -4.757e-11 
    PK2 = 3.459e-16 
    PDVTP1 = -8.649e-14 
    PUB = -1.194e-32 
    PUC = -3.572e-24 
    PUC1 = 6.079e-24 
    PUTE = -2.941e-15 
    PVOFF = -2.941e-16 
    PPDIBLC2 = -1.73e-17 
    PAIGC = 9.514e-18 
    TNOM =  298.1 
    CGSO = 1.209e-10 
    CGDO = 1.209e-10 
    CGBO =      0 
    XPART =      1 
    RSH =   10.5 
    JSS = 1.77e-07 
    JSWS = 4.23e-13 
    JSWGS =  9e-12 
    PBS =    0.5 
    MJS =   0.25 
    PBSWS =    0.8 
    MJSWS =   0.01 
    CJS = 0.00098 
    CJSWS =  4e-11 
    NJS =      1 
    PBSWGS =   0.78 
    MJSWGS =   0.52 
    CJSWGS = 3.7e-10 
    XTIS =      3 
    JSD = 1.77e-07 
    JSWD = 4.23e-13 
    JSWGD =  9e-12 
    PBD =    0.5 
    MJD =   0.25 
    PBSWD =    0.8 
    MJSWD =   0.01 
    CJD = 0.00098 
    CJSWD =  4e-11 
    NJD =      1 
    PBSWGD =   0.78 
    MJSWGD =   0.52 
    CJSWGD = 3.7e-10 
    XTID =      3 
    LMLT =      1 
    WMLT =      1 
    LINT = 2.5e-09 
    LL =      0 
    LLC =      0 
    LLN =      1 
    LW =      0 
    LWC =      0 
    LWN =      1 
    LWL =      0 
    LWLC =      0 
    LMIN =  1e-07 
    LMAX = 2.4e-07 
    WINT =  6e-09 
    WL =      0 
    WLC =      0 
    WLN =      1 
    WW =      0 
    WWC =      0 
    WWN =      1 
    WWL =      0 
    WWLC =      0 
    WMIN = 5.05e-07 
    WMAX = 1.005e-06 
    NOIA = 4.293e+41 
    NOIB = 1.612e+24 
    NOIC =   8.75 
    EM = 1.192e+07 
    EF = 0.8841 
    AF =      1 
    KF =      0 
    TRS =      0 
    TRD =      0 
    TEMPMOD  =      0 
    LAMBDA   =      0 
    VTL      =  2e+05 m/s
    LC       =  5e-09 
    XN       =      3 
    LLAMBDA  =      0 
    LVTL     =      0 
    LXN      =      0 
    WLAMBDA  =      0 
    WVTL     =      0 
    WXN      =      0 
    PLAMBDA  =      0 
    PVTL     =      0 
    PXN      =      0 
    RNOIA    =  0.577 
    RNOIB    = 0.5164 
    SAREF(SA0) = 6.3e-07 m
    SBREF(SB0) = 6.3e-07 m
    WLOD     =  8e-07 m
    KU0      = -7.36e-08 1/m
    KVSAT    =    0.2 
    KVTH0    = 3.5e-09 m
    TKU0     =   0.01 
    LLODKU0  =      1 
    WLODKU0  =      1 
    LLODVTH  =      1 
    WLODVTH  =      1 
    LKU0     = 4.027e-07 
    WKU0     =  8e-07 
    PKU0     = -2e-13 
    LKVTH0   = -2.68e-11 
    WKVTH0   = 1.5e-06 
    PKVTH0   =      0 
    STK2     = 1.35e-09 
    LODK2    =    0.5 
    STETA0   =      0 
    LODETA0  =      1 
    LXRCRG1  =      0 
    WXRCRG1  =      0 
    PXRCRG1  =      0 
    LXRCRG2  =      0 
    WXRCRG2  =      0 
    PXRCRG2  =      0 
     *** UCB's BSIM4.4.0 new diode model is activated. ***
    *** UCB's Diode Model Parameters ***
    JTSS         =      0 
    JTSSWS       =      0 
    JTSSWGS      =      0 
    JTSD         =      0 
    JTSSWD       =      0 
    JTSSWGD      =      0 
    NJTS         =     20 
    NJTSSW       =     20 
    NJTSSWG      =     20 
    XTSS         =   0.02 
    XTSSWS       =   0.02 
    XTSSWGS      =   0.02 
    XTSD         =   0.02 
    XTSSWD       =   0.02 
    XTSSWGD      =   0.02 
    TNJTS        =      0 
    TNJTSSW      =      0 
    TNJTSSWG     =      0 
    VFBSDOFF     =      0 
    LVFBSDOFF    =      0 
    WVFBSDOFF    =      0 
    PVFBSDOFF    =      0 
    LINTNOI      =      0 
    VTSS         =     10 
    VTSD         =     10 
    VTSSWS       =     10 
    VTSSWD       =     10 
    VTSSWGS      =     10 
    VTSSWGD      =     10 
    TTDIOMOD     =      1 
 Model file: .\TSMC_90nm.l
 Model line:        10053
 Model Name: nch.16  
 BSIM4 Model (Level 54)
    MOBMOD = 0
    BINUNIT = 2
    PARAMCHK = 1
    CAPMOD = 2
    DIOMOD = 1
    RDSMOD = 0
    TRNQSMOD = 0
    ACNQSMOD = 0
    RBODYMOD = 0
    RGATEMOD = 0
    PERMOD = 1
    GEOMOD = 0
    RGEOMOD = 0
    FNOIMOD = 1
    TNOIMOD = 0
    IGCMOD = 1
    IGBMOD = 1
    STIMOD = 1
    VBFWDMOD = 0
    VERSION =    4.4 
    TOXREF =  3e-09 
    TOXE = 2.33e-09 
    TOXP = 2.03e-09 
    TOXM = 2.33e-09 
    DTOX =  3e-10 
    EPSROX =    3.9 
    CDSC =      0 
    CDSCB =      0 
    CDSCD =      0 
    CIT = -0.0001229 
    NFACTOR =    0.5 
    XJ = 1.5e-07 
    VSAT = 1.14e+05 
    A0 =  2.375 
    AGS =   0.95 
    A1 =      0 
    A2 =      1 
    AT = 3.536e+04 
    KETA = -0.04414 
    NSUB =  6e+16 
    NDEP = 8.369e+17 
    NSD =  1e+20 
    NGATE =  4e+20 
    GAMMA1 =      0 
    GAMMA2 =      0 
    VBX =      0 
    VBM =     -3 
    XT = 1.55e-07 
    K1 =  0.312 
    KT1 = -0.2624 
    KT1L =      0 
    KT2 = -0.04464 
    K2 = -0.009286 
    K3 = -2.957 
    K3B =    1.2 
    LPE0 = 4.45e-08 
    LPEB =      0 
    DVTP0 =  4e-07 
    DVTP1 =      2 
    W0 = -5e-08 
    DVT0 =   13.9 
    DVT1 =   1.25 
    DVT2 =      0 
    DVT0W =      0 
    DVT1W =      0 
    DVT2W =      0 
    DROUT =      0 
    DSUB =    0.5 
    VTH0 =  0.228 
    EU =   1.67 
    UA = -6.284e-10 
    UA1 = 2.684e-09 
    UB = 9.691e-19 
    UB1 = -3.673e-18 
    UC = 1.285e-10 
    UC1 = -1.646e-10 
    U0 = 0.02973 
    UTE = -1.467 
    VOFF = -0.1288 
    VOFFL =      0 
    MINV =      0 
    FPROUT =    200 
    PDITS =      0 
    PDITSD =      0 
    PDITSL =      0 
    DELTA = 0.0075 
    RDSW =    140 
    RDSWMIN =      0 
    RDWMIN =      0 
    RSWMIN =      0 
    RDW =    100 
    RSW =    100 
    PRWG =      0 
    PRWB =      0 
    PRT =      0 
    ETA0 = 0.2301 
    ETAB =   -0.1 
    PCLM =   0.84 
    PDIBLC1 =      0 
    PDIBLC2 = 0.0001 
    PDIBLCB =      0 
    PSCBE1 = 9.264e+08 
    PSCBE2 =  1e-20 
    PVAG =    1.5 
    WR =      1 
    DWG =      0 
    DWB =      0 
    XW =  1e-08 
    XWREF =  1e-08 
    XL = -3.5e-08 
    XLREF = -3.5e-08 
    B0 =      0 
    B1 =      0 
    ALPHA0 =      0 
    ALPHA1 =   0.03 
    AGIDL =  9e-08 
    BGIDL = 2.3e+09 
    CGIDL =    0.5 
    PHIN =      0 
    EGIDL =   0.53 
    AIGC = 0.0103 
    BIGC = 0.001525 
    CIGC =      0 
    AIGSD = 0.00845 
    BIGSD = 0.0004021 
    CIGSD = 0.001463 
    AIGBACC = 0.01134 
    BIGBACC = 0.003249 
    CIGBACC = 0.1416 
    AIGBINV =   0.35 
    BIGBINV =   0.03 
    CIGBINV =  0.006 
    NIGC =      1 
    NIGBINV =      1 
    NIGBACC =   4.05 
    NTOX =      1 
    EIGBINV =    1.1 
    PIGCD =    2.3 
    POXEDGE =      1 
    XRCRG1 =     12 
    TNOIA =    1.5 
    TNOIB =    3.5 
    NTNOI =      1 
    XRCRG2 =      1 
    BETA0 =    8.7 
    IJTHDFWD =   0.01 
    IJTHSFWD =   0.01 
    IJTHDREV =   0.01 
    IJTHSREV =   0.01 
    XJBVD =      1 
    XJBVS =      1 
    BVD =     10 
    BVS =     10 
    VFB =     -1 
    GBMIN =  1e-12 
    RBDB =     50 
    RBPB =     50 
    RBSB =     50 
    RBPS =     50 
    RBPD =     50 
    CGSL = 6.514e-11 
    CGDL = 6.514e-11 
    CKAPPAS =    0.6 
    CKAPPAD =    0.6 
    CF = 1.38e-10 
    CLC =  1e-07 
    CLE =    0.6 
    DWC =      0 
    DLC = 1.172e-08 
    DLCIG = 2.5e-09 
    DWJ =      0 
    VFBCV =     -1 
    ACDE =    1.2 
    MOIN =   12.6 
    NOFF =  1.686 
    VOFFCV = -0.05472 
    DMCG = 9.25e-08 
    DMCI = 9.25e-08 
    DMDG =      0 
    DMCGT =      0 
    XGW =      0 
    XGL =      0 
    RSHG =    0.1 
    NGCON =      1 
    TCJ = 0.000732 
    TPB =  0.001 
    TCJSW = 0.000357 
    TPBSW = 0.0019 
    TCJSWG = 0.000357 
    TPBSWG = 0.0019 
    SK0 =      0 
    SK1 =      0 
    SK2 =      0 
    SL =  2e-06 
    SW =  2e-06 
    K =      0 
    LCIT = 2.246e-10 
    LAT = 0.001929 
    LKETA = 3.429e-09 
    LK1 = 2.22e-09 
    LKT1 = -1.62e-09 
    LK2 = 8.571e-10 
    LK3 = 1.543e-08 
    LUB = 1.642e-26 
    LUC = -6.562e-19 
    LUC1 = 6.025e-18 
    LUTE = 4.912e-09 
    LVOFF = -1.32e-09 
    WUB = 2.626e-26 
    WUC = -1.316e-17 
    WU0 = -4.701e-10 
    WUTE = 4.063e-08 
    WVOFF = -1.934e-09 
    WETA0 = -2.068e-08 
    PUB = 2.176e-33 
    PUC = 4.034e-25 
    PUTE = 8.059e-16 
    PVOFF = -6.447e-17 
    TNOM =  298.1 
    CGSO = 1.209e-10 
    CGDO = 1.209e-10 
    CGBO =      0 
    XPART =      1 
    RSH =   10.5 
    JSS = 1.77e-07 
    JSWS = 4.23e-13 
    JSWGS =  9e-12 
    PBS =    0.5 
    MJS =   0.25 
    PBSWS =    0.8 
    MJSWS =   0.01 
    CJS = 0.00098 
    CJSWS =  4e-11 
    NJS =      1 
    PBSWGS =   0.78 
    MJSWGS =   0.52 
    CJSWGS = 3.7e-10 
    XTIS =      3 
    JSD = 1.77e-07 
    JSWD = 4.23e-13 
    JSWGD =  9e-12 
    PBD =    0.5 
    MJD =   0.25 
    PBSWD =    0.8 
    MJSWD =   0.01 
    CJD = 0.00098 
    CJSWD =  4e-11 
    NJD =      1 
    PBSWGD =   0.78 
    MJSWGD =   0.52 
    CJSWGD = 3.7e-10 
    XTID =      3 
    LMLT =      1 
    WMLT =      1 
    LINT = 2.5e-09 
    LL =      0 
    LLC =      0 
    LLN =      1 
    LW =      0 
    LWC =      0 
    LWN =      1 
    LWL =      0 
    LWLC =      0 
    LMIN =  1e-07 
    LMAX = 2.4e-07 
    WINT =  6e-09 
    WL =      0 
    WLC =      0 
    WLN =      1 
    WW =      0 
    WWC =      0 
    WWN =      1 
    WWL =      0 
    WWLC =      0 
    WMIN = 2.45e-07 
    WMAX = 5.05e-07 
    NOIA = 4.293e+41 
    NOIB = 1.612e+24 
    NOIC =   8.75 
    EM = 1.192e+07 
    EF = 0.8841 
    AF =      1 
    KF =      0 
    TRS =      0 
    TRD =      0 
    TEMPMOD  =      0 
    LAMBDA   =      0 
    VTL      =  2e+05 m/s
    LC       =  5e-09 
    XN       =      3 
    LLAMBDA  =      0 
    LVTL     =      0 
    LXN      =      0 
    WLAMBDA  =      0 
    WVTL     =      0 
    WXN      =      0 
    PLAMBDA  =      0 
    PVTL     =      0 
    PXN      =      0 
    RNOIA    =  0.577 
    RNOIB    = 0.5164 
    SAREF(SA0) = 6.3e-07 m
    SBREF(SB0) = 6.3e-07 m
    WLOD     =  8e-07 m
    KU0      = -7.36e-08 1/m
    KVSAT    =    0.2 
    KVTH0    = 3.5e-09 m
    TKU0     =   0.01 
    LLODKU0  =      1 
    WLODKU0  =      1 
    LLODVTH  =      1 
    WLODVTH  =      1 
    LKU0     = 4.027e-07 
    WKU0     =  8e-07 
    PKU0     = -2e-13 
    LKVTH0   = -2.68e-11 
    WKVTH0   = 1.5e-06 
    PKVTH0   =      0 
    STK2     = 1.35e-09 
    LODK2    =    0.5 
    STETA0   =      0 
    LODETA0  =      1 
    LXRCRG1  =      0 
    WXRCRG1  =      0 
    PXRCRG1  =      0 
    LXRCRG2  =      0 
    WXRCRG2  =      0 
    PXRCRG2  =      0 
     *** UCB's BSIM4.4.0 new diode model is activated. ***
    *** UCB's Diode Model Parameters ***
    JTSS         =      0 
    JTSSWS       =      0 
    JTSSWGS      =      0 
    JTSD         =      0 
    JTSSWD       =      0 
    JTSSWGD      =      0 
    NJTS         =     20 
    NJTSSW       =     20 
    NJTSSWG      =     20 
    XTSS         =   0.02 
    XTSSWS       =   0.02 
    XTSSWGS      =   0.02 
    XTSD         =   0.02 
    XTSSWD       =   0.02 
    XTSSWGD      =   0.02 
    TNJTS        =      0 
    TNJTSSW      =      0 
    TNJTSSWG     =      0 
    VFBSDOFF     =      0 
    LVFBSDOFF    =      0 
    WVFBSDOFF    =      0 
    PVFBSDOFF    =      0 
    LINTNOI      =      0 
    VTSS         =     10 
    VTSD         =     10 
    VTSSWS       =     10 
    VTSSWD       =     10 
    VTSSWGS      =     10 
    VTSSWGD      =     10 
    TTDIOMOD     =      1 
 Model file: .\TSMC_90nm.l
 Model line:         9216
 Model Name: nch.7  
 BSIM4 Model (Level 54)
    MOBMOD = 0
    BINUNIT = 2
    PARAMCHK = 1
    CAPMOD = 2
    DIOMOD = 1
    RDSMOD = 0
    TRNQSMOD = 0
    ACNQSMOD = 0
    RBODYMOD = 0
    RGATEMOD = 0
    PERMOD = 1
    GEOMOD = 0
    RGEOMOD = 0
    FNOIMOD = 1
    TNOIMOD = 0
    IGCMOD = 1
    IGBMOD = 1
    STIMOD = 1
    VBFWDMOD = 0
    VERSION =    4.4 
    TOXREF =  3e-09 
    TOXE = 2.33e-09 
    TOXP = 2.03e-09 
    TOXM = 2.33e-09 
    DTOX =  3e-10 
    EPSROX =    3.9 
    CDSC =      0 
    CDSCB =      0 
    CDSCD =      0 
    CIT = -0.0007692 
    NFACTOR =    0.5 
    XJ = 1.5e-07 
    VSAT = 1.14e+05 
    A0 =  2.375 
    AGS =  1.392 
    A1 =      0 
    A2 =      1 
    AT = 4.5e+04 
    KETA = -0.05885 
    NSUB =  6e+16 
    NDEP = 8.369e+17 
    NSD =  1e+20 
    NGATE =  4e+20 
    GAMMA1 =      0 
    GAMMA2 =      0 
    VBX =      0 
    VBM =     -3 
    XT = 1.55e-07 
    K1 = 0.3231 
    KT1 = -0.2006 
    KT1L =      0 
    KT2 = -0.04464 
    K2 = 0.005615 
    K3 = -2.562 
    K3B =    1.2 
    LPE0 = 4.45e-08 
    LPEB =      0 
    DVTP0 =  4e-07 
    DVTP1 =      2 
    W0 = -5e-08 
    DVT0 =   13.9 
    DVT1 =   1.25 
    DVT2 =      0 
    DVT0W =      0 
    DVT1W =      0 
    DVT2W =      0 
    DROUT =      0 
    DSUB =    0.5 
    VTH0 = 0.2274 
    EU =   1.67 
    UA = -6.284e-10 
    UA1 = 2.684e-09 
    UB = 1.684e-18 
    UB1 = -3.673e-18 
    UC = 1.44e-10 
    UC1 = -6.421e-11 
    U0 = 0.0375 
    UTE = -1.596 
    VOFF = -0.08623 
    VOFFL =      0 
    MINV =      0 
    FPROUT =    200 
    PDITS =      0 
    PDITSD =      0 
    PDITSL =      0 
    DELTA = 0.0075 
    RDSW =    140 
    RDSWMIN =      0 
    RDWMIN =      0 
    RSWMIN =      0 
    RDW =    100 
    RSW =    100 
    PRWG =      0 
    PRWB =      0 
    PRT =      0 
    ETA0 = 0.2213 
    ETAB =   -0.1 
    PCLM =   0.84 
    PDIBLC1 =      0 
    PDIBLC2 = 0.0001 
    PDIBLCB =      0 
    PSCBE1 = 9.264e+08 
    PSCBE2 =  1e-20 
    PVAG =    1.5 
    WR =      1 
    DWG =      0 
    DWB =      0 
    XW =  1e-08 
    XWREF =  1e-08 
    XL = -3.5e-08 
    XLREF = -3.5e-08 
    B0 =      0 
    B1 =      0 
    ALPHA0 =      0 
    ALPHA1 =   0.03 
    AGIDL =  9e-08 
    BGIDL = 2.3e+09 
    CGIDL =    0.5 
    PHIN =      0 
    EGIDL =   0.53 
    AIGC = 0.0103 
    BIGC = 0.001525 
    CIGC =      0 
    AIGSD = 0.008501 
    BIGSD = 0.0004021 
    CIGSD = 0.001463 
    AIGBACC = 0.01134 
    BIGBACC = 0.003249 
    CIGBACC = 0.1416 
    AIGBINV =   0.35 
    BIGBINV =   0.03 
    CIGBINV =  0.006 
    NIGC =      1 
    NIGBINV =      1 
    NIGBACC =   4.05 
    NTOX =      1 
    EIGBINV =    1.1 
    PIGCD =    2.3 
    POXEDGE =      1 
    XRCRG1 =     12 
    TNOIA =    1.5 
    TNOIB =    3.5 
    NTNOI =      1 
    XRCRG2 =      1 
    BETA0 =    8.7 
    IJTHDFWD =   0.01 
    IJTHSFWD =   0.01 
    IJTHDREV =   0.01 
    IJTHSREV =   0.01 
    XJBVD =      1 
    XJBVS =      1 
    BVD =     10 
    BVS =     10 
    VFB =     -1 
    GBMIN =  1e-12 
    RBDB =     50 
    RBPB =     50 
    RBSB =     50 
    RBPS =     50 
    RBPD =     50 
    CGSL = 6.514e-11 
    CGDL = 6.514e-11 
    CKAPPAS =    0.6 
    CKAPPAD =    0.6 
    CF = 1.38e-10 
    CLC =  1e-07 
    CLE =    0.6 
    DWC =      0 
    DLC = 1.172e-08 
    DLCIG = 2.5e-09 
    DWJ =      0 
    VFBCV =     -1 
    ACDE =    1.2 
    MOIN =   12.6 
    NOFF =  1.686 
    VOFFCV = -0.05472 
    DMCG = 9.25e-08 
    DMCI = 9.25e-08 
    DMDG =      0 
    DMCGT =      0 
    XGW =      0 
    XGL =      0 
    RSHG =    0.1 
    NGCON =      1 
    TCJ = 0.000732 
    TPB =  0.001 
    TCJSW = 0.000357 
    TPBSW = 0.0019 
    TCJSWG = 0.000357 
    TPBSWG = 0.0019 
    SK0 =      0 
    SK1 =      0 
    SK2 =      0 
    SL =  2e-06 
    SW =  2e-06 
    K =      0 
    LCIT = 3.538e-10 
    LAGS = -8.846e-08 
    LKETA = 6.369e-09 
    LKT1 = -1.398e-08 
    LK2 = -2.123e-09 
    LK3 = -6.369e-08 
    LUB = 1.125e-25 
    LUC = 1.902e-17 
    LU0 = 1.078e-09 
    LUTE = 2.033e-08 
    LVOFF = -8.398e-09 
    LAIGSD = -2.36e-11 
    WVTH0 = 5.574e-09 
    WUB = -6.783e-26 
    WUC = 4.631e-19 
    WU0 = -4.317e-09 
    WUTE = 1.624e-07 
    WVOFF = -1.75e-08 
    WETA0 = -1.338e-08 
    WAIGSD = -5.145e-11 
    PUB = -1.621e-31 
    PUC = -2.288e-23 
    PU0 = -1.081e-15 
    PUTE = -1.933e-14 
    PVOFF = 1.538e-15 
    PAIGSD = 2.367e-17 
    TNOM =  298.1 
    CGSO = 1.209e-10 
    CGDO = 1.209e-10 
    CGBO =      0 
    XPART =      1 
    RSH =   10.5 
    JSS = 1.77e-07 
    JSWS = 4.23e-13 
    JSWGS =  9e-12 
    PBS =    0.5 
    MJS =   0.25 
    PBSWS =    0.8 
    MJSWS =   0.01 
    CJS = 0.00098 
    CJSWS =  4e-11 
    NJS =      1 
    PBSWGS =   0.78 
    MJSWGS =   0.52 
    CJSWGS = 3.7e-10 
    XTIS =      3 
    JSD = 1.77e-07 
    JSWD = 4.23e-13 
    JSWGD =  9e-12 
    PBD =    0.5 
    MJD =   0.25 
    PBSWD =    0.8 
    MJSWD =   0.01 
    CJD = 0.00098 
    CJSWD =  4e-11 
    NJD =      1 
    PBSWGD =   0.78 
    MJSWGD =   0.52 
    CJSWGD = 3.7e-10 
    XTID =      3 
    LMLT =      1 
    WMLT =      1 
    LINT = 2.5e-09 
    LL =      0 
    LLC =      0 
    LLN =      1 
    LW =      0 
    LWC =      0 
    LWN =      1 
    LWL =      0 
    LWLC =      0 
    LMIN = 2.4e-07 
    LMAX =  5e-07 
    WINT =  6e-09 
    WL =      0 
    WLC =      0 
    WLN =      1 
    WW =      0 
    WWC =      0 
    WWN =      1 
    WWL =      0 
    WWLC =      0 
    WMIN = 1.005e-06 
    WMAX = 1.001e-05 
    NOIA = 4.293e+41 
    NOIB = 1.612e+24 
    NOIC =   8.75 
    EM = 1.192e+07 
    EF = 0.8841 
    AF =      1 
    KF =      0 
    TRS =      0 
    TRD =      0 
    TEMPMOD  =      0 
    LAMBDA   =      0 
    VTL      =  2e+05 m/s
    LC       =  5e-09 
    XN       =      3 
    LLAMBDA  =      0 
    LVTL     =      0 
    LXN      =      0 
    WLAMBDA  =      0 
    WVTL     =      0 
    WXN      =      0 
    PLAMBDA  =      0 
    PVTL     =      0 
    PXN      =      0 
    RNOIA    =  0.577 
    RNOIB    = 0.5164 
    SAREF(SA0) = 6.3e-07 m
    SBREF(SB0) = 6.3e-07 m
    WLOD     =  8e-07 m
    KU0      = -7.36e-08 1/m
    KVSAT    =    0.2 
    KVTH0    = 3.5e-09 m
    TKU0     =   0.01 
    LLODKU0  =      1 
    WLODKU0  =      1 
    LLODVTH  =      1 
    WLODVTH  =      1 
    LKU0     = 4.027e-07 
    WKU0     =  8e-07 
    PKU0     = -2e-13 
    LKVTH0   = -2.68e-11 
    WKVTH0   = 1.5e-06 
    PKVTH0   =      0 
    STK2     = 1.35e-09 
    LODK2    =    0.5 
    STETA0   =      0 
    LODETA0  =      1 
    LXRCRG1  =      0 
    WXRCRG1  =      0 
    PXRCRG1  =      0 
    LXRCRG2  =      0 
    WXRCRG2  =      0 
    PXRCRG2  =      0 
     *** UCB's BSIM4.4.0 new diode model is activated. ***
    *** UCB's Diode Model Parameters ***
    JTSS         =      0 
    JTSSWS       =      0 
    JTSSWGS      =      0 
    JTSD         =      0 
    JTSSWD       =      0 
    JTSSWGD      =      0 
    NJTS         =     20 
    NJTSSW       =     20 
    NJTSSWG      =     20 
    XTSS         =   0.02 
    XTSSWS       =   0.02 
    XTSSWGS      =   0.02 
    XTSD         =   0.02 
    XTSSWD       =   0.02 
    XTSSWGD      =   0.02 
    TNJTS        =      0 
    TNJTSSW      =      0 
    TNJTSSWG     =      0 
    VFBSDOFF     =      0 
    LVFBSDOFF    =      0 
    WVFBSDOFF    =      0 
    PVFBSDOFF    =      0 
    LINTNOI      =      0 
    VTSS         =     10 
    VTSD         =     10 
    VTSSWS       =     10 
    VTSSWD       =     10 
    VTSSWGS      =     10 
    VTSSWGD      =     10 
    TTDIOMOD     =      1 
 Model file: .\TSMC_90nm.l
 Model line:        11252
 Model Name: pch.9  
 BSIM4 Model (Level 54)
    MOBMOD = 0
    BINUNIT = 2
    PARAMCHK = 1
    CAPMOD = 2
    DIOMOD = 1
    RDSMOD = 0
    TRNQSMOD = 0
    ACNQSMOD = 0
    RBODYMOD = 0
    RGATEMOD = 0
    PERMOD = 1
    GEOMOD = 0
    RGEOMOD = 0
    FNOIMOD = 1
    TNOIMOD = 0
    IGCMOD = 1
    IGBMOD = 1
    STIMOD = 1
    VBFWDMOD = 0
    VERSION =    4.4 
    TOXREF =  3e-09 
    TOXE = 2.5e-09 
    TOXP = 1.975e-09 
    TOXM = 2.5e-09 
    DTOX = 5.25e-10 
    EPSROX =    3.9 
    CDSC =      0 
    CDSCB =      0 
    CDSCD =      0 
    CIT = 0.001086 
    NFACTOR =  0.329 
    XJ = 1.7e-07 
    VSAT = 1.2e+05 
    A0 =   3.62 
    AGS = -0.1992 
    A1 =      0 
    A2 =      1 
    AT = 3.556e+05 
    KETA = -0.1405 
    NSUB =  6e+16 
    NDEP = 1.72e+17 
    NSD =  1e+20 
    NGATE =  8e+19 
    GAMMA1 =      0 
    GAMMA2 =      0 
    VBX =      0 
    VBM =     -3 
    XT = 1.55e-07 
    K1 = 0.1623 
    KT1 = -0.3094 
    KT1L =      0 
    KT2 = -0.02253 
    K2 = 0.03705 
    K3 =  -0.58 
    K3B =    0.8 
    LPE0 = 2.805e-07 
    LPEB =  1e-07 
    DVTP0 =      0 
    DVTP1 =      0 
    W0 =      0 
    DVT0 =     10 
    DVT1 =   1.71 
    DVT2 = 0.0928 
    DVT0W =      0 
    DVT1W =      0 
    DVT2W =      0 
    DROUT =      0 
    DSUB =    0.5 
    VTH0 = -0.2049 
    EU =      1 
    UA = -6.948e-10 
    UA1 = 8.159e-10 
    UB = 2.455e-18 
    UB1 = -3.729e-18 
    UC = 9.028e-11 
    UC1 = -6.421e-11 
    U0 = 0.009796 
    UTE = -1.786 
    VOFF = -0.1134 
    VOFFL =      0 
    MINV =      0 
    FPROUT =   1000 
    PDITS =      0 
    PDITSD =      0 
    PDITSL =      0 
    DELTA =   0.02 
    RDSW =    210 
    RDSWMIN =      0 
    RDWMIN =      0 
    RSWMIN =      0 
    RDW =    100 
    RSW =    100 
    PRWG =      0 
    PRWB =      0 
    PRT =      0 
    ETA0 = 0.04781 
    ETAB =  -0.02 
    PCLM =  1.377 
    PDIBLC1 =      0 
    PDIBLC2 =  0.005 
    PDIBLCB =      0 
    PSCBE1 = 9.264e+08 
    PSCBE2 =  1e-20 
    PVAG =      0 
    WR =      1 
    DWG =      0 
    DWB =      0 
    XW =  1e-08 
    XWREF =  1e-08 
    XL = -3.5e-08 
    XLREF = -3.5e-08 
    B0 =      0 
    B1 =      0 
    ALPHA0 =      0 
    ALPHA1 =   0.06 
    AGIDL =  9e-08 
    BGIDL = 2.3e+09 
    CGIDL =    0.5 
    PHIN =      0 
    EGIDL =   0.53 
    AIGC = 0.00606 
    BIGC = 0.0007625 
    CIGC =  1e-10 
    AIGSD = 0.004582 
    BIGSD =      0 
    CIGSD = 0.002267 
    AIGBACC = 0.01069 
    BIGBACC = 0.003132 
    CIGBACC = 0.1498 
    AIGBINV =   0.35 
    BIGBINV =   0.03 
    CIGBINV =  0.006 
    NIGC =      1 
    NIGBINV =      1 
    NIGBACC =  4.049 
    NTOX =      1 
    EIGBINV =    1.1 
    PIGCD =    2.3 
    POXEDGE =      1 
    XRCRG1 =     12 
    TNOIA =    1.5 
    TNOIB =    3.5 
    NTNOI =      1 
    XRCRG2 =      1 
    BETA0 =     12 
    IJTHDFWD =   0.01 
    IJTHSFWD =   0.01 
    IJTHDREV =   0.01 
    IJTHSREV =   0.01 
    XJBVD =      1 
    XJBVS =      1 
    BVD =     10 
    BVS =     10 
    VFB =     -1 
    GBMIN =  1e-12 
    RBDB =     50 
    RBPB =     50 
    RBSB =     50 
    RBPS =     50 
    RBPD =     50 
    CGSL = 1.896e-10 
    CGDL = 1.896e-10 
    CKAPPAS =    0.6 
    CKAPPAD =    0.6 
    CF = 1.38e-10 
    CLC =  1e-07 
    CLE =    0.6 
    DWC =      0 
    DLC = 1.525e-08 
    DLCIG = 2.5e-09 
    DWJ =      0 
    VFBCV =     -1 
    ACDE =    1.2 
    MOIN =  11.09 
    NOFF =  2.175 
    VOFFCV = -0.03885 
    DMCG = 9.25e-08 
    DMCI = 9.25e-08 
    DMDG =      0 
    DMCGT =      0 
    XGW =      0 
    XGL =      0 
    RSHG =    0.1 
    NGCON =      1 
    TCJ = 0.000854 
    TPB = 0.0019 
    TCJSW = 0.000357 
    TPBSW = 0.0019 
    TCJSWG = 0.00312 
    TPBSWG = 0.0019 
    SK0 =      0 
    SK1 =      0 
    SK2 =      0 
    SL =  2e-06 
    SW =  2e-06 
    K =      0 
    LCIT = -3.951e-11 
    LNFACTOR = 7.867e-08 
    LAT = -0.03669 
    LAGS = 1.461e-06 
    LKETA = -5.98e-09 
    LKT1 = 8.553e-09 
    LKT2 = -3.245e-09 
    LK2 = -6.096e-10 
    LVTH0 = 6.318e-09 
    LUA = 4.07e-19 
    LUA1 = 2.084e-16 
    LUB = 4.942e-26 
    LUB1 = -5.247e-26 
    LUC = 6.263e-18 
    LU0 = -5.324e-11 
    LUTE = 8.706e-08 
    LVOFF = -2.926e-09 
    LETA0 = 1.711e-08 
    LPCLM = -1.734e-07 
    WCIT = -8.594e-10 
    WNFACTOR = 1.719e-07 
    WAT = -0.01151 
    WKT1 = 1.72e-08 
    WK2 = -2.174e-09 
    WVTH0 = 1.103e-08 
    WUA = 2.778e-17 
    WUA1 = -5.406e-16 
    WUB = 2.158e-25 
    WUB1 = 1.082e-25 
    WU0 = -1.075e-09 
    WUTE = -1.042e-07 
    WVOFF = -3.816e-09 
    WETA0 = 2.578e-08 
    WAIGSD = 7.821e-11 
    PCIT = 3.953e-16 
    PNFACTOR = -7.907e-14 
    PAT = 5.653e-09 
    PKT1 = -3.439e-15 
    PK2 = 4.349e-16 
    PVTH0 = -5.535e-16 
    PUA = 3.716e-24 
    PUA1 = 1.061e-22 
    PUB = -8.025e-32 
    PUB1 = -3.795e-32 
    PU0 = -1.364e-16 
    PUTE = 4.23e-14 
    PVOFF = 2.372e-15 
    PETA0 = -1.186e-14 
    TNOM =  298.1 
    CGSO = 2.568e-11 
    CGDO = 2.568e-11 
    CGBO =      0 
    XPART =      1 
    RSH =   9.68 
    JSS = 1.245e-07 
    JSWS = 3.77e-13 
    JSWGS =  3e-12 
    PBS =    0.8 
    MJS =   0.36 
    PBSWS =    0.8 
    MJSWS =   0.01 
    CJS = 0.00114 
    CJSWS =  6e-11 
    NJS =      1 
    PBSWGS =      1 
    MJSWGS =   0.99 
    CJSWGS = 3.6e-10 
    XTIS =      3 
    JSD = 1.245e-07 
    JSWD = 3.77e-13 
    JSWGD =  3e-12 
    PBD =    0.8 
    MJD =   0.36 
    PBSWD =    0.8 
    MJSWD =   0.01 
    CJD = 0.00114 
    CJSWD =  6e-11 
    NJD =      1 
    PBSWGD =      1 
    MJSWGD =   0.99 
    CJSWGD = 3.6e-10 
    XTID =      3 
    LMLT =      1 
    WMLT =      1 
    LINT = 2.5e-09 
    LL =      0 
    LLC =      0 
    LLN =      1 
    LW =      0 
    LWC =      0 
    LWN =      1 
    LWL =      0 
    LWLC =      0 
    LMIN = 2.4e-07 
    LMAX =  5e-07 
    WINT =  5e-09 
    WL =      0 
    WLC =      0 
    WLN =      1 
    WW =      0 
    WWC =      0 
    WWN =      1 
    WWL =      0 
    WWLC =      0 
    WMIN = 1.005e-06 
    WMAX = 1.001e-05 
    NOIA = 1.635e+42 
    NOIB = 7.241e+26 
    NOIC =   8.75 
    EM = 1.5e+08 
    EF =   1.19 
    AF =      1 
    KF =      0 
    TRS =      0 
    TRD =      0 
    TEMPMOD  =      0 
    LAMBDA   =      0 
    VTL      =  2e+05 m/s
    LC       =  5e-09 
    XN       =      3 
    LLAMBDA  =      0 
    LVTL     =      0 
    LXN      =      0 
    WLAMBDA  =      0 
    WVTL     =      0 
    WXN      =      0 
    PLAMBDA  =      0 
    PVTL     =      0 
    PXN      =      0 
    RNOIA    =  0.577 
    RNOIB    = 0.5164 
    SAREF(SA0) = 6.3e-07 m
    SBREF(SB0) = 6.3e-07 m
    WLOD     =  8e-07 m
    KU0      = 1.325e-07 1/m
    KVSAT    =   -0.9 
    KVTH0    = -1.5e-09 m
    TKU0     =    0.1 
    LLODKU0  =      1 
    WLODKU0  =      1 
    LLODVTH  =      2 
    WLODVTH  =      1 
    LKU0     = 1.33e-07 
    WKU0     = 6.5e-07 
    PKU0     =      0 
    LKVTH0   = -1.68e-15 
    WKVTH0   =  5e-07 
    PKVTH0   =      0 
    STK2     =  4e-10 
    LODK2    =      2 
    STETA0   =      0 
    LODETA0  =      1 
    LXRCRG1  =      0 
    WXRCRG1  =      0 
    PXRCRG1  =      0 
    LXRCRG2  =      0 
    WXRCRG2  =      0 
    PXRCRG2  =      0 
     *** UCB's BSIM4.4.0 new diode model is activated. ***
    *** UCB's Diode Model Parameters ***
    JTSS         =      0 
    JTSSWS       =      0 
    JTSSWGS      =      0 
    JTSD         =      0 
    JTSSWD       =      0 
    JTSSWGD      =      0 
    NJTS         =     20 
    NJTSSW       =     20 
    NJTSSWG      =     20 
    XTSS         =   0.02 
    XTSSWS       =   0.02 
    XTSSWGS      =   0.02 
    XTSD         =   0.02 
    XTSSWD       =   0.02 
    XTSSWGD      =   0.02 
    TNJTS        =      0 
    TNJTSSW      =      0 
    TNJTSSWG     =      0 
    VFBSDOFF     =      0 
    LVFBSDOFF    =      0 
    WVFBSDOFF    =      0 
    PVFBSDOFF    =      0 
    LINTNOI      =      0 
    VTSS         =     10 
    VTSD         =     10 
    VTSSWS       =     10 
    VTSSWD       =     10 
    VTSSWGS      =     10 
    VTSSWGD      =     10 
    TTDIOMOD     =      1 
 Model file: .\TSMC_90nm.l
 Model line:        11153
 Model Name: pch.8  
 BSIM4 Model (Level 54)
    MOBMOD = 0
    BINUNIT = 2
    PARAMCHK = 1
    CAPMOD = 2
    DIOMOD = 1
    RDSMOD = 0
    TRNQSMOD = 0
    ACNQSMOD = 0
    RBODYMOD = 0
    RGATEMOD = 0
    PERMOD = 1
    GEOMOD = 0
    RGEOMOD = 0
    FNOIMOD = 1
    TNOIMOD = 0
    IGCMOD = 1
    IGBMOD = 1
    STIMOD = 1
    VBFWDMOD = 0
    VERSION =    4.4 
    TOXREF =  3e-09 
    TOXE = 2.5e-09 
    TOXP = 1.975e-09 
    TOXM = 2.5e-09 
    DTOX = 5.25e-10 
    EPSROX =    3.9 
    CDSC =      0 
    CDSCB =      0 
    CDSCD =      0 
    CIT =  0.001 
    NFACTOR =    0.5 
    XJ = 1.7e-07 
    VSAT = 1.2e+05 
    A0 =   3.62 
    AGS = 0.9288 
    A1 =      0 
    A2 =      1 
    AT = 2.827e+05 
    KETA = -0.06649 
    NSUB =  6e+16 
    NDEP = 1.72e+17 
    NSD =  1e+20 
    NGATE =  8e+19 
    GAMMA1 =      0 
    GAMMA2 =      0 
    VBX =      0 
    VBM =     -3 
    XT = 1.55e-07 
    K1 = 0.1623 
    KT1 = -0.2892 
    KT1L =      0 
    KT2 = -0.02958 
    K2 = 0.02379 
    K3 =  -0.58 
    K3B =    0.8 
    LPE0 = 2.805e-07 
    LPEB =  1e-07 
    DVTP0 =      0 
    DVTP1 =      0 
    W0 =      0 
    DVT0 =     10 
    DVT1 =   1.71 
    DVT2 = 0.0928 
    DVT0W =      0 
    DVT1W =      0 
    DVT2W =      0 
    DROUT =      0 
    DSUB =    0.5 
    VTH0 = -0.154 
    EU =      1 
    UA = -3.533e-12 
    UA1 = 3.937e-09 
    UB = 1.432e-18 
    UB1 = -5.413e-18 
    UC = 5.843e-11 
    UC1 = -6.421e-11 
    U0 = 0.008607 
    UTE = -0.8869 
    VOFF = -0.07843 
    VOFFL =      0 
    MINV =      0 
    FPROUT =   1000 
    PDITS =      0 
    PDITSD =      0 
    PDITSL =      0 
    DELTA =   0.02 
    RDSW =    210 
    RDSWMIN =      0 
    RDWMIN =      0 
    RSWMIN =      0 
    RDW =    100 
    RSW =    100 
    PRWG =      0 
    PRWB =      0 
    PRT =      0 
    ETA0 =  0.085 
    ETAB =  -0.02 
    PCLM =      1 
    PDIBLC1 =      0 
    PDIBLC2 =  0.005 
    PDIBLCB =      0 
    PSCBE1 = 9.264e+08 
    PSCBE2 =  1e-20 
    PVAG =      0 
    WR =      1 
    DWG =      0 
    DWB =      0 
    XW =  1e-08 
    XWREF =  1e-08 
    XL = -3.5e-08 
    XLREF = -3.5e-08 
    B0 =      0 
    B1 =      0 
    ALPHA0 =      0 
    ALPHA1 =   0.06 
    AGIDL =  9e-08 
    BGIDL = 2.3e+09 
    CGIDL =    0.5 
    PHIN =      0 
    EGIDL =   0.53 
    AIGC = 0.00606 
    BIGC = 0.0007625 
    CIGC =  1e-10 
    AIGSD = 0.004582 
    BIGSD =      0 
    CIGSD = 0.002267 
    AIGBACC = 0.01069 
    BIGBACC = 0.003132 
    CIGBACC = 0.1498 
    AIGBINV =   0.35 
    BIGBINV =   0.03 
    CIGBINV =  0.006 
    NIGC =      1 
    NIGBINV =      1 
    NIGBACC =  4.049 
    NTOX =      1 
    EIGBINV =    1.1 
    PIGCD =    2.3 
    POXEDGE =      1 
    XRCRG1 =     12 
    TNOIA =    1.5 
    TNOIB =    3.5 
    NTNOI =      1 
    XRCRG2 =      1 
    BETA0 =     12 
    IJTHDFWD =   0.01 
    IJTHSFWD =   0.01 
    IJTHDREV =   0.01 
    IJTHSREV =   0.01 
    XJBVD =      1 
    XJBVS =      1 
    BVD =     10 
    BVS =     10 
    VFB =     -1 
    GBMIN =  1e-12 
    RBDB =     50 
    RBPB =     50 
    RBSB =     50 
    RBPS =     50 
    RBPD =     50 
    CGSL = 1.896e-10 
    CGDL = 1.896e-10 
    CKAPPAS =    0.6 
    CKAPPAD =    0.6 
    CF = 1.38e-10 
    CLC =  1e-07 
    CLE =    0.6 
    DWC =      0 
    DLC = 1.525e-08 
    DLCIG = 2.5e-09 
    DWJ =      0 
    VFBCV =     -1 
    ACDE =    1.2 
    MOIN =  11.09 
    NOFF =  2.175 
    VOFFCV = -0.03885 
    DMCG = 9.25e-08 
    DMCI = 9.25e-08 
    DMDG =      0 
    DMCGT =      0 
    XGW =      0 
    XGL =      0 
    RSHG =    0.1 
    NGCON =      1 
    TCJ = 0.000854 
    TPB = 0.0019 
    TCJSW = 0.000357 
    TPBSW = 0.0019 
    TCJSWG = 0.00312 
    TPBSWG = 0.0019 
    SK0 =      0 
    SK1 =      0 
    SK2 =      0 
    SL =  2e-06 
    SW =  2e-06 
    K =      0 
    LAT = -0.003185 
    LAGS = 9.422e-07 
    LKETA = -4.002e-08 
    LKT1 = -7.406e-10 
    LK2 = 5.49e-09 
    LVTH0 = -1.712e-08 
    LUA = -3.176e-16 
    LUA1 = -1.227e-15 
    LUB = 5.203e-25 
    LUB1 = 7.225e-25 
    LUC = 2.092e-17 
    LU0 = 4.936e-10 
    LUTE = -3.265e-07 
    LVOFF = -1.9e-08 
    WAT = -0.0005139 
    WKETA = -2.166e-08 
    WKT1 = -6.387e-09 
    WK2 = 5.436e-09 
    WVTH0 = -1.109e-08 
    WUA = -8.756e-18 
    WUA1 = 3.025e-15 
    WUB = 6.801e-25 
    WUB1 = 6.2e-25 
    WUC = 8.766e-17 
    WU0 = 2.776e-10 
    WUTE = 1.027e-06 
    WVOFF = -1.269e-08 
    WAIGSD = 7.821e-11 
    PAT = 5.962e-10 
    PKETA = 9.964e-15 
    PKT1 = 7.409e-15 
    PK2 = -3.066e-15 
    PVTH0 = 9.624e-15 
    PUA = 2.052e-23 
    PUA1 = -1.534e-21 
    PUB = -2.938e-31 
    PUB1 = -2.734e-31 
    PUC = -4.033e-23 
    PU0 = -7.588e-16 
    PUTE = -4.779e-13 
    PVOFF = 6.455e-15 
    TNOM =  298.1 
    CGSO = 2.568e-11 
    CGDO = 2.568e-11 
    CGBO =      0 
    XPART =      1 
    RSH =   9.68 
    JSS = 1.245e-07 
    JSWS = 3.77e-13 
    JSWGS =  3e-12 
    PBS =    0.8 
    MJS =   0.36 
    PBSWS =    0.8 
    MJSWS =   0.01 
    CJS = 0.00114 
    CJSWS =  6e-11 
    NJS =      1 
    PBSWGS =      1 
    MJSWGS =   0.99 
    CJSWGS = 3.6e-10 
    XTIS =      3 
    JSD = 1.245e-07 
    JSWD = 3.77e-13 
    JSWGD =  3e-12 
    PBD =    0.8 
    MJD =   0.36 
    PBSWD =    0.8 
    MJSWD =   0.01 
    CJD = 0.00114 
    CJSWD =  6e-11 
    NJD =      1 
    PBSWGD =      1 
    MJSWGD =   0.99 
    CJSWGD = 3.6e-10 
    XTID =      3 
    LMLT =      1 
    WMLT =      1 
    LINT = 2.5e-09 
    LL =      0 
    LLC =      0 
    LLN =      1 
    LW =      0 
    LWC =      0 
    LWN =      1 
    LWL =      0 
    LWLC =      0 
    LMIN =  5e-07 
    LMAX = 1.2e-06 
    WINT =  5e-09 
    WL =      0 
    WLC =      0 
    WLN =      1 
    WW =      0 
    WWC =      0 
    WWN =      1 
    WWL =      0 
    WWLC =      0 
    WMIN = 1.005e-06 
    WMAX = 1.001e-05 
    NOIA = 1.635e+42 
    NOIB = 7.241e+26 
    NOIC =   8.75 
    EM = 1.5e+08 
    EF =   1.19 
    AF =      1 
    KF =      0 
    TRS =      0 
    TRD =      0 
    TEMPMOD  =      0 
    LAMBDA   =      0 
    VTL      =  2e+05 m/s
    LC       =  5e-09 
    XN       =      3 
    LLAMBDA  =      0 
    LVTL     =      0 
    LXN      =      0 
    WLAMBDA  =      0 
    WVTL     =      0 
    WXN      =      0 
    PLAMBDA  =      0 
    PVTL     =      0 
    PXN      =      0 
    RNOIA    =  0.577 
    RNOIB    = 0.5164 
    SAREF(SA0) = 6.3e-07 m
    SBREF(SB0) = 6.3e-07 m
    WLOD     =  8e-07 m
    KU0      = 1.325e-07 1/m
    KVSAT    =   -0.9 
    KVTH0    = -1.5e-09 m
    TKU0     =    0.1 
    LLODKU0  =      1 
    WLODKU0  =      1 
    LLODVTH  =      2 
    WLODVTH  =      1 
    LKU0     = 1.33e-07 
    WKU0     = 6.5e-07 
    PKU0     =      0 
    LKVTH0   = -1.68e-15 
    WKVTH0   =  5e-07 
    PKVTH0   =      0 
    STK2     =  4e-10 
    LODK2    =      2 
    STETA0   =      0 
    LODETA0  =      1 
    LXRCRG1  =      0 
    WXRCRG1  =      0 
    PXRCRG1  =      0 
    LXRCRG2  =      0 
    WXRCRG2  =      0 
    PXRCRG2  =      0 
     *** UCB's BSIM4.4.0 new diode model is activated. ***
    *** UCB's Diode Model Parameters ***
    JTSS         =      0 
    JTSSWS       =      0 
    JTSSWGS      =      0 
    JTSD         =      0 
    JTSSWD       =      0 
    JTSSWGD      =      0 
    NJTS         =     20 
    NJTSSW       =     20 
    NJTSSWG      =     20 
    XTSS         =   0.02 
    XTSSWS       =   0.02 
    XTSSWGS      =   0.02 
    XTSD         =   0.02 
    XTSSWD       =   0.02 
    XTSSWGD      =   0.02 
    TNJTS        =      0 
    TNJTSSW      =      0 
    TNJTSSWG     =      0 
    VFBSDOFF     =      0 
    LVFBSDOFF    =      0 
    WVFBSDOFF    =      0 
    PVFBSDOFF    =      0 
    LINTNOI      =      0 
    VTSS         =     10 
    VTSD         =     10 
    VTSSWS       =     10 
    VTSSWD       =     10 
    VTSSWGS      =     10 
    VTSSWGD      =     10 
    TTDIOMOD     =      1 
 Model file: .\TSMC_90nm.l
 Model line:        11843
 Model Name: pch.15  
 BSIM4 Model (Level 54)
    MOBMOD = 0
    BINUNIT = 2
    PARAMCHK = 1
    CAPMOD = 2
    DIOMOD = 1
    RDSMOD = 0
    TRNQSMOD = 0
    ACNQSMOD = 0
    RBODYMOD = 0
    RGATEMOD = 0
    PERMOD = 1
    GEOMOD = 0
    RGEOMOD = 0
    FNOIMOD = 1
    TNOIMOD = 0
    IGCMOD = 1
    IGBMOD = 1
    STIMOD = 1
    VBFWDMOD = 0
    VERSION =    4.4 
    TOXREF =  3e-09 
    TOXE = 2.5e-09 
    TOXP = 1.975e-09 
    TOXM = 2.5e-09 
    DTOX = 5.25e-10 
    EPSROX =    3.9 
    CDSC =      0 
    CDSCB =      0 
    CDSCD =      0 
    CIT = 0.002155 
    NFACTOR = 0.1143 
    XJ = 1.7e-07 
    VSAT = 1.2e+05 
    A0 =   3.62 
    AGS =   8.03 
    A1 =      0 
    A2 =      1 
    AT = 2.203e+05 
    KETA = -0.2509 
    NSUB =  6e+16 
    NDEP = 1.72e+17 
    NSD =  1e+20 
    NGATE =  8e+19 
    GAMMA1 =      0 
    GAMMA2 =      0 
    VBX =      0 
    VBM =     -3 
    XT = 1.55e-07 
    K1 = 0.1623 
    KT1 = -0.2689 
    KT1L =      0 
    KT2 = -0.03875 
    K2 = 0.03642 
    K3 =  -0.58 
    K3B =    0.8 
    LPE0 = 2.805e-07 
    LPEB =  1e-07 
    DVTP0 =      0 
    DVTP1 =      0 
    W0 =      0 
    DVT0 =     10 
    DVT1 =   1.71 
    DVT2 = 0.0928 
    DVT0W =      0 
    DVT1W =      0 
    DVT2W =      0 
    DROUT =      0 
    DSUB =    0.5 
    VTH0 = -0.1742 
    EU =      1 
    UA = -8.699e-10 
    UA1 = 2.132e-09 
    UB = 3.09e-18 
    UB1 = -4.628e-18 
    UC = 1.578e-10 
    UC1 = -6.421e-11 
    U0 = 0.008807 
    UTE = -1.297 
    VOFF = -0.1095 
    VOFFL =      0 
    MINV =      0 
    FPROUT =   1000 
    PDITS =      0 
    PDITSD =      0 
    PDITSL =      0 
    DELTA =   0.02 
    RDSW =    210 
    RDSWMIN =      0 
    RDWMIN =      0 
    RSWMIN =      0 
    RDW =    100 
    RSW =    100 
    PRWG =      0 
    PRWB =      0 
    PRT =      0 
    ETA0 = 0.1598 
    ETAB = -0.004001 
    PCLM = 0.6429 
    PDIBLC1 =      0 
    PDIBLC2 =  0.005 
    PDIBLCB =      0 
    PSCBE1 = 9.264e+08 
    PSCBE2 =  1e-20 
    PVAG =      0 
    WR =      1 
    DWG =      0 
    DWB =      0 
    XW =  1e-08 
    XWREF =  1e-08 
    XL = -3.5e-08 
    XLREF = -3.5e-08 
    B0 =      0 
    B1 =      0 
    ALPHA0 =      0 
    ALPHA1 =   0.06 
    AGIDL =  9e-08 
    BGIDL = 2.3e+09 
    CGIDL =    0.5 
    PHIN =      0 
    EGIDL =   0.53 
    AIGC = 0.00606 
    BIGC = 0.0007625 
    CIGC =  1e-10 
    AIGSD = 0.004621 
    BIGSD =      0 
    CIGSD = 0.002267 
    AIGBACC = 0.01069 
    BIGBACC = 0.003132 
    CIGBACC = 0.1498 
    AIGBINV =   0.35 
    BIGBINV =   0.03 
    CIGBINV =  0.006 
    NIGC =      1 
    NIGBINV =      1 
    NIGBACC =  4.049 
    NTOX =      1 
    EIGBINV =    1.1 
    PIGCD =    2.3 
    POXEDGE =      1 
    XRCRG1 =     12 
    TNOIA =    1.5 
    TNOIB =    3.5 
    NTNOI =      1 
    XRCRG2 =      1 
    BETA0 =     12 
    IJTHDFWD =   0.01 
    IJTHSFWD =   0.01 
    IJTHDREV =   0.01 
    IJTHSREV =   0.01 
    XJBVD =      1 
    XJBVS =      1 
    BVD =     10 
    BVS =     10 
    VFB =     -1 
    GBMIN =  1e-12 
    RBDB =     50 
    RBPB =     50 
    RBSB =     50 
    RBPS =     50 
    RBPD =     50 
    CGSL = 1.896e-10 
    CGDL = 1.896e-10 
    CKAPPAS =    0.6 
    CKAPPAD =    0.6 
    CF = 1.38e-10 
    CLC =  1e-07 
    CLE =    0.6 
    DWC =      0 
    DLC = 1.525e-08 
    DLCIG = 2.5e-09 
    DWJ =      0 
    VFBCV =     -1 
    ACDE =    1.2 
    MOIN =  11.09 
    NOFF =  2.175 
    VOFFCV = -0.03885 
    DMCG = 9.25e-08 
    DMCI = 9.25e-08 
    DMDG =      0 
    DMCGT =      0 
    XGW =      0 
    XGL =      0 
    RSHG =    0.1 
    NGCON =      1 
    TCJ = 0.000854 
    TPB = 0.0019 
    TCJSW = 0.000357 
    TPBSW = 0.0019 
    TCJSWG = 0.00312 
    TPBSWG = 0.0019 
    SK0 =      0 
    SK1 =      0 
    SK2 =      0 
    SL =  2e-06 
    SW =  2e-06 
    K =      0 
    LCIT = 1.71e-10 
    LNFACTOR = 7.714e-08 
    LAT = -0.01054 
    LAGS = -1.848e-07 
    LKETA = 1.611e-08 
    LKT1 = 4.621e-10 
    LK2 = -2.011e-10 
    LVTH0 = 1.994e-09 
    LUA = 4.203e-17 
    LUA1 = 5.576e-17 
    LUB = -6.112e-26 
    LUB1 = -3.65e-26 
    LUC = -2.337e-18 
    LU0 = -9.269e-11 
    LUTE = 2.026e-08 
    LVOFF = -8.701e-10 
    LETA0 = -3.883e-09 
    LETAB = -3.2e-09 
    LPCLM = -2.657e-08 
    WCIT = -1.233e-09 
    WAT = 0.02869 
    WAGS = -2.175e-06 
    WKT1 = 1.266e-08 
    WK2 = -3.422e-09 
    WVTH0 = -2.567e-09 
    WUA = 2.043e-16 
    WUA1 = -4.531e-16 
    WUB = -3.998e-25 
    WUB1 = 4.866e-25 
    WUC = -3.527e-17 
    WU0 = -2.77e-10 
    WUTE = -3.219e-08 
    WVOFF = -8.41e-09 
    WETA0 = -5.365e-08 
    WETAB = -5.742e-09 
    WAIGSD = 3.959e-11 
    PCIT = 4.35e-17 
    PAT = -1.474e-09 
    PAGS = 4.35e-13 
    PKT1 = -2.532e-15 
    PK2 = 4.002e-16 
    PVTH0 = 3.306e-16 
    PUA = -3.821e-23 
    PUA1 = -2.245e-23 
    PUB = 2.636e-32 
    PUB1 = 5.107e-32 
    PUC = 2.116e-24 
    PU0 = -5.768e-17 
    PUTE = -3.306e-15 
    PVOFF = 4.437e-16 
    PETA0 = 2.61e-15 
    PETAB = 1.148e-15 
    TNOM =  298.1 
    CGSO = 2.568e-11 
    CGDO = 2.568e-11 
    CGBO =      0 
    XPART =      1 
    RSH =   9.68 
    JSS = 1.245e-07 
    JSWS = 3.77e-13 
    JSWGS =  3e-12 
    PBS =    0.8 
    MJS =   0.36 
    PBSWS =    0.8 
    MJSWS =   0.01 
    CJS = 0.00114 
    CJSWS =  6e-11 
    NJS =      1 
    PBSWGS =      1 
    MJSWGS =   0.99 
    CJSWGS = 3.6e-10 
    XTIS =      3 
    JSD = 1.245e-07 
    JSWD = 3.77e-13 
    JSWGD =  3e-12 
    PBD =    0.8 
    MJD =   0.36 
    PBSWD =    0.8 
    MJSWD =   0.01 
    CJD = 0.00114 
    CJSWD =  6e-11 
    NJD =      1 
    PBSWGD =      1 
    MJSWGD =   0.99 
    CJSWGD = 3.6e-10 
    XTID =      3 
    LMLT =      1 
    WMLT =      1 
    LINT = 2.5e-09 
    LL =      0 
    LLC =      0 
    LLN =      1 
    LW =      0 
    LWC =      0 
    LWN =      1 
    LWL =      0 
    LWLC =      0 
    LMIN =  1e-07 
    LMAX = 2.4e-07 
    WINT =  5e-09 
    WL =      0 
    WLC =      0 
    WLN =      1 
    WW =      0 
    WWC =      0 
    WWN =      1 
    WWL =      0 
    WWLC =      0 
    WMIN = 5.05e-07 
    WMAX = 1.005e-06 
    NOIA = 1.635e+42 
    NOIB = 7.241e+26 
    NOIC =   8.75 
    EM = 1.5e+08 
    EF =   1.19 
    AF =      1 
    KF =      0 
    TRS =      0 
    TRD =      0 
    TEMPMOD  =      0 
    LAMBDA   =      0 
    VTL      =  2e+05 m/s
    LC       =  5e-09 
    XN       =      3 
    LLAMBDA  =      0 
    LVTL     =      0 
    LXN      =      0 
    WLAMBDA  =      0 
    WVTL     =      0 
    WXN      =      0 
    PLAMBDA  =      0 
    PVTL     =      0 
    PXN      =      0 
    RNOIA    =  0.577 
    RNOIB    = 0.5164 
    SAREF(SA0) = 6.3e-07 m
    SBREF(SB0) = 6.3e-07 m
    WLOD     =  8e-07 m
    KU0      = 1.325e-07 1/m
    KVSAT    =   -0.9 
    KVTH0    = -1.5e-09 m
    TKU0     =    0.1 
    LLODKU0  =      1 
    WLODKU0  =      1 
    LLODVTH  =      2 
    WLODVTH  =      1 
    LKU0     = 1.33e-07 
    WKU0     = 6.5e-07 
    PKU0     =      0 
    LKVTH0   = -1.68e-15 
    WKVTH0   =  5e-07 
    PKVTH0   =      0 
    STK2     =  4e-10 
    LODK2    =      2 
    STETA0   =      0 
    LODETA0  =      1 
    LXRCRG1  =      0 
    WXRCRG1  =      0 
    PXRCRG1  =      0 
    LXRCRG2  =      0 
    WXRCRG2  =      0 
    PXRCRG2  =      0 
     *** UCB's BSIM4.4.0 new diode model is activated. ***
    *** UCB's Diode Model Parameters ***
    JTSS         =      0 
    JTSSWS       =      0 
    JTSSWGS      =      0 
    JTSD         =      0 
    JTSSWD       =      0 
    JTSSWGD      =      0 
    NJTS         =     20 
    NJTSSW       =     20 
    NJTSSWG      =     20 
    XTSS         =   0.02 
    XTSSWS       =   0.02 
    XTSSWGS      =   0.02 
    XTSD         =   0.02 
    XTSSWD       =   0.02 
    XTSSWGD      =   0.02 
    TNJTS        =      0 
    TNJTSSW      =      0 
    TNJTSSWG     =      0 
    VFBSDOFF     =      0 
    LVFBSDOFF    =      0 
    WVFBSDOFF    =      0 
    PVFBSDOFF    =      0 
    LINTNOI      =      0 
    VTSS         =     10 
    VTSD         =     10 
    VTSSWS       =     10 
    VTSSWD       =     10 
    VTSSWGS      =     10 
    VTSSWGD      =     10 
    TTDIOMOD     =      1 
  
      
 **info** set option symb=1 internally to help for convergence.
 *****************************************************************
 ******  option summary
 ******
 runlvl  = 3         bypass  = 2.0000    
 **info** dc convergence successful at Newton-Raphson method 
1****** HSPICE -- P-2019.06-SP1-1 win64 (Sep 27 2019) ******                    
 ******  
 ac simulation of a pmos input single-ended diff pair

 ****** operating point information tnom=  25.000 temp=  25.000 ******
 ****** operating point status is all       simulation time is     0.     
    node    =voltage      node    =voltage      node    =voltage

 +0:1       = 700.2182m 0:2       = 915.6800m 0:3       = 813.6491m
 +0:4       = 492.5742m 0:5       = 516.3019m 0:dd      =   1.2000 
 +0:in      = 400.0000m 0:r       = 399.5204m 0:ss      =   0.     
 +0:vin+    = 400.0000m 0:vin-    = 408.5878m 0:vout    = 599.5204m


 **** voltage sources

 subckt                                                         
 element  0:vdd      0:vdiff    0:vinac    0:vindc    0:vss     
  volts      1.2000   200.0000m    0.       400.0000m    0.     
  current -944.3451u -906.7426p    1.0059n    1.0059n  944.3451u
  power      1.1332m  181.3485p    0.      -402.3519p    0.     

     total voltage source power dissipation=    1.1332m       watts



 **** current sources

 subckt             
 element  0:ib      
  volts    813.6491m
  current  150.0000u
  power   -122.0474u


     total current source power dissipation=-122.0474u       watts

 **** resistors

 subckt             
 element  0:r       
  r value   10.0000x
  v drop     9.0674m
  current  906.7426p
  power      8.2218p



 **** mosfets


 subckt                                                                    
 element  0:m1       0:m2       0:m3       0:m4       0:m5       0:m6      
 model    0:pch.10   0:pch.10   0:pch.10   0:pch.10   0:nch.12   0:nch.12  
 region   Saturation Saturation Saturation Saturation Saturation Saturation
  id       -75.8869u  -80.8745u  -71.4829u  -70.6846u   44.6069u   54.5333u
  ibs      568.6547f  568.6547f  568.6547f  568.6547f    0.         0.     
  ibd        1.4149p    1.3674p    1.2010p  999.5783f -492.5811f -516.3087f
  vgs     -507.0922m -515.6800m -507.0922m -515.6800m  492.5742m  516.3019m
  vds     -423.1058m -399.3781m -316.1596m -215.4618m  492.5742m  516.3019m
  vbs      284.3200m  284.3200m  284.3200m  284.3200m    0.         0.     
  vth     -326.6793m -327.0326m -328.2718m -329.7713m  331.0707m  330.5714m
  vdsat   -185.3260m -191.7030m -184.0237m -189.4567m  147.8769m  161.0690m
  vod     -180.4129m -188.6473m -178.8204m -185.9087m  161.5035m  185.7304m
  beta       4.7093m    4.6961m    4.7059m    4.6902m    3.2589m    3.2498m
  gam eff  162.3000m  162.3000m  162.3000m  162.3000m  332.1818m  332.1818m
  gm       683.7221u  699.7264u  646.7153u  593.8713u  376.7518u  410.1189u
  gds       38.4681u   42.0604u   45.4577u   90.6380u   23.2515u   25.7938u
  gmb       93.3500u   95.6397u   88.6473u   82.2942u   60.4067u   65.4739u
  cdtot      3.3405f    3.3712f    3.4632f    3.6228f  580.7230a  578.1562a
  cgtot      6.5450f    6.5919f    6.5706f    6.6267f    1.2037f    1.2149f
  cstot      7.0007f    7.0341f    6.9939f    7.0275f    1.3464f    1.3575f
  cbtot      4.3940f    4.4084f    4.4731f    4.5567f  921.2261a  917.7293a
  cgs        5.3563f    5.3986f    5.3482f    5.3819f  958.5865a  972.2136a
  cgd        1.3821f    1.3938f    1.4164f    1.4476f  211.3743a  211.4950a



 subckt                                                                    
 element  0:m7       0:m8       0:m9       0:m10      0:m11      0:m12     
 model    0:nch.16   0:nch.16   0:nch.7    0:nch.7    0:pch.9    0:pch.9   
 region   Saturation Saturation Saturation Saturation Saturation Saturation
  id        31.2788u   26.3398u  295.4915u  342.0922u -224.8035u -270.6086u
  ibs        0.         0.         0.         0.         0.         0.     
  ibd     -492.5782f -516.3059f   -1.4005p   -1.1991p  999.6034f    1.2010p
  vgs      516.3019m  492.5742m  492.5742m  516.3019m -499.7818m -499.7818m
  vds      492.5742m  516.3019m  700.2182m  599.5204m -499.7818m -600.4796m
  vbs        0.         0.         0.         0.         0.         0.     
  vth      321.7563m  321.2798m  293.5641m  294.5038m -250.1060m -250.1729m
  vdsat    168.2479m  155.4036m  174.9208m  188.7669m -237.1019m -237.0157m
  vod      194.5456m  171.2944m  199.0101m  221.7981m -249.6758m -249.6089m
  beta       1.7279m    1.7312m   15.2494m   15.1559m    7.7666m    9.1482m
  gam eff  332.1818m  332.1818m  323.1000m  323.1000m  162.3000m  162.3000m
  gm       229.0304u  214.6736u    2.2386m    2.3459m    1.5434m    1.8564m
  gds       15.1503u   12.7196u   67.2272u   89.9645u   55.9782u   59.3664u
  gmb       35.7661u   33.6335u  349.5748u  365.1302u  201.0627u  241.9454u
  cdtot    342.2359a  339.5151a    4.0378f    4.1551f    9.4847f   10.5844f
  cgtot    704.0888a  697.4008a   14.9938f   15.1443f   31.1876f   36.3227f
  cstot    791.3088a  785.3898a   15.6836f   15.8071f   32.4812f   38.0679f
  cbtot    543.8042a  542.8145a    7.6015f    7.6559f   14.4475f   16.6480f
  cgs      562.9302a  555.5776a   12.9988f   13.1564f   28.6685f   33.6037f
  cgd      122.7456a  122.0308a    1.5306f    1.5561f    3.8091f    4.2304f



 subckt                        
 element  0:m13      0:m14     
 model    0:pch.8    0:pch.15  
 region   Saturation Saturation
  id      -298.9333u -149.9900u
  ibs        0.         0.     
  ibd        3.6964p    8.8862p
  vgs     -386.3509m -386.3509m
  vds     -284.3200m -386.3509m
  vbs        0.         0.     
  vth     -228.9102m -279.0258m
  vdsat   -157.5422m -122.6072m
  vod     -157.4407m -107.3251m
  beta      25.3462m   23.3118m
  gam eff  162.3000m  162.3000m
  gm         3.1892m    2.0882m
  gds       94.2089u   82.4400u
  gmb      383.7028u  312.9030u
  cdtot     71.5222f   19.8904f
  cgtot    390.8278f   33.7047f
  cstot    382.2446f   39.0836f
  cbtot    119.0832f   28.9718f
  cgs      373.1300f   26.8322f
  cgd       27.7779f    7.4584f



 ******
 ac simulation of a pmos input single-ended diff pair

 ****** ac analysis tnom=  25.000 temp=  25.000 ******
 gain=  31.2799 
 unity_gain= 939.5572x
 phase_margin=  59.2655 

          ***** job concluded
 ******  
 ac simulation of a pmos input single-ended diff pair

 ****** job statistics summary tnom=  25.000 temp=  25.000 ******

  ******  HSPICE Threads Information  ******

  Command Line Threads Count :     1
  Available CPU Count        :     4
  Actual Threads Count       :     1


  ******  Circuit Statistics  ******
  # nodes       =      13 # elements   =      23
  # resistors   =       1 # capacitors =       2 # inductors   =       0
  # mutual_inds =       0 # vccs       =       0 # vcvs        =       0
  # cccs        =       0 # ccvs       =       0 # volt_srcs   =       5
  # curr_srcs   =       1 # diodes     =       0 # bjts        =       0
  # jfets       =       0 # mosfets    =      14 # U elements  =       0
  # T elements  =       0 # W elements =       0 # B elements  =       0
  # S elements  =       0 # P elements =       0 # va device   =       0
  # vector_srcs =       0 # N elements =       0


  ******  Runtime Statistics (seconds)  ******

  analysis           time    # points   tot. iter  conv.iter
  op point           0.01           1           9
  ac analysis        0.22        4851        4851
  readin             0.27
  errchk             0.03
  setup              0.00
  output             0.00


           peak memory used         70.02 megabytes
           total cpu time            0.53 seconds
           total elapsed time        0.60 seconds
           job started at     10:27:54 07/20/2021
           job ended   at     10:27:55 07/20/2021
           job total runtime         0.60 seconds


  lic: Release hspice token(s) 
 lic: total license checkout elapse time:        0.04(s)
