#-----------------------------------------------------------
# Vivado v2019.1 (64-bit)
# SW Build 2552052 on Fri May 24 14:49:42 MDT 2019
# IP Build 2548770 on Fri May 24 18:01:18 MDT 2019
# Start of session at: Wed Jan 13 11:26:21 2021
# Process ID: 62968
# Current directory: E:/terme 7/FPGA/HW/3/9633022_HW3/project_1
# Command line: vivado.exe -gui_launcher_event rodinguilauncherevent57488 E:\terme 7\FPGA\HW\3\9633022_HW3\project_1\project_1.xpr
# Log file: E:/terme 7/FPGA/HW/3/9633022_HW3/project_1/vivado.log
# Journal file: E:/terme 7/FPGA/HW/3/9633022_HW3/project_1\vivado.jou
#-----------------------------------------------------------
start_gui
open_project {E:/terme 7/FPGA/HW/3/9633022_HW3/project_1/project_1.xpr}
update_compile_order -fileset sources_1
close_project
open_project {E:/terme 7/FPGA/HW/4/9633022_HW4/project_1/project_1.xpr}
update_compile_order -fileset sources_1
close_project
open_project {E:/terme 7/FPGA/HW/3/9633022_HW3/project_2/project_2.xpr}
update_compile_order -fileset sources_1
close_project
